---
source: crates/oxc_linter/src/tester.rs
---
  ⚠ eslint-plugin-node(no-new-require): Unexpected use of `new` operator with `require`
   ╭─[no_new_require.tsx:1:17]
 1 │ var appHeader = new require('app-header')
   ·                 ─────────────────────────
   ╰────
  help: Separate `require()` from `new` operator

  ⚠ eslint-plugin-node(no-new-require): Unexpected use of `new` operator with `require`
   ╭─[no_new_require.tsx:1:17]
 1 │ var appHeader = new require('headers').appHeader
   ·                 ──────────────────────
   ╰────
  help: Separate `require()` from `new` operator
