---
source: crates/oxc_formatter/tests/fixtures/mod.rs
---
==================== Input ====================
type T1<B> = | (B extends any ? number : string);
type T2 = | (() => void);

==================== Output ====================
type T1<B> = B extends any ? number : string;
type T2 = () => void;

===================== End =====================
