---
source: apps/oxlint/src/tester.rs
---
########## 
arguments: fixtures/tsgolint --type-aware
working directory: 
----------
Found 0 warnings and 0 errors.
Finished in <variable>ms on 1 file using 1 threads.
----------
CLI result: LintSucceeded
----------
