---
source: crates/oxc_transformer_plugins/tests/integrations/replace_global_defines.rs
expression: snapshot
---
- test.js.map
(0:0) "1;\n" --> (0:0) "1;\n"
(2:0) "2;\n" --> (2:0) "2;\n"
(4:0) "3;\n" --> (4:0) "3;\n"
(5:0) "log(__OBJECT__);\n" --> (5:0) "log({ 'hello': 'test' });\n"
(6:0) "4;\n" --> (6:0) "4;\n"
(7:0) "log(__STRING__);\n" --> (7:0) "log('development');\n"
(8:0) "5;\n" --> (8:0) "5;\n"
(9:11) "hello;\n" --> (9:22) "hello;\n"
(10:0) "6;\n" --> (10:0) "6;\n"
(11:0) "log(__MEMBER__);\n" --> (11:0) "log(xx.yy.zz);\n"
(12:0) "7;\n" --> (12:0) "7;\n"
