---
source: crates/oxc_formatter/tests/fixtures/mod.rs
---
==================== Input ====================
({
  // comment1 inside the left side of the assignment pattern
  random = Math.random,
  // comment2 inside the left side of the assignment pattern
  sqrt = Math.sqrt,
} = {}) => {};

([
  // comment1 inside the left side of the assignment pattern
  random = Math.random,
  // comment2 inside the left side of the assignment pattern
  sqrt = Math.sqrt,
] = []) => {};

==================== Output ====================
({
  // comment1 inside the left side of the assignment pattern
  random = Math.random,
  // comment2 inside the left side of the assignment pattern
  sqrt = Math.sqrt,
} = {}) => {};

([
  // comment1 inside the left side of the assignment pattern
  random = Math.random,
  // comment2 inside the left side of the assignment pattern
  sqrt = Math.sqrt,
] = []) => {};

===================== End =====================
