---
source: crates/oxc_formatter/tests/fixtures/mod.rs
---
==================== Input ====================
var longlonglonglonglonglong = /*#__PURE__*/_interopDefaultLegacy(aaaaaaaaaaaaaaa);
var short = /*#__PURE__*/_interopDefaultLegacy(b);

const jestPackageJson =
  // eslint-disable-next-line @typescript-eslint/no-require-imports
  require(jestPath);

==================== Output ====================
var longlonglonglonglonglong =
  /*#__PURE__*/ _interopDefaultLegacy(aaaaaaaaaaaaaaa);
var short = /*#__PURE__*/ _interopDefaultLegacy(b);

const jestPackageJson =
  // eslint-disable-next-line @typescript-eslint/no-require-imports
  require(jestPath);

===================== End =====================
