---
source: crates/oxc_formatter/tests/fixtures/mod.rs
---
==================== Input ====================
test /* comment1 */ ? /* comment2 */ consequent /* comment3 */ : /* comment4 */ alternative

test 
/* comment1 */ ? /* comment2 */ consequent 
/* comment3 */ : /* comment4 */ alternative

==================== Output ====================
test /* comment1 */
  ? /* comment2 */ consequent /* comment3 */
  : /* comment4 */ alternative;

test
  ? /* comment1 */ /* comment2 */ consequent
  : /* comment3 */ /* comment4 */ alternative;

===================== End =====================
