---
source: apps/oxfmt/tests/tester.rs
---
########## 
arguments: tests/fixtures/multiple_files/simple.js tests/fixtures/multiple_files/arrow.js
working directory: 
----------
Checking formatting...
tests/fixtures/multiple_files/arrow.js (<variable>ms)
tests/fixtures/multiple_files/simple.js (<variable>ms)

Format issues found in above 2 files. Run with `-w` or `--write` to fix.
Finished in <variable>ms on 2 files using 1 threads.
----------
CLI result: FormatMismatch
----------

########## 
arguments: tests/fixtures/multiple_files
working directory: 
----------
Checking formatting...
tests/fixtures/multiple_files/arrow.js (<variable>ms)
tests/fixtures/multiple_files/simple.js (<variable>ms)

Format issues found in above 2 files. Run with `-w` or `--write` to fix.
Finished in <variable>ms on 2 files using 1 threads.
----------
CLI result: FormatMismatch
----------

########## 
arguments: tests/fixtures/multiple_files/*.js
working directory: 
----------
Expected at least one target file
----------
CLI result: NoFilesFound
----------

########## 
arguments: 'tests/fixtures/multiple_files/*.js'
working directory: 
----------
Expected at least one target file
----------
CLI result: NoFilesFound
----------
