codegen_misc Summary:
AST Parsed     : 48/48 (100.00%)
Positive Passed: 48/48 (100.00%)
