commit: 81c95189

codegen_typescript Summary:
AST Parsed     : 8634/8634 (100.00%)
Positive Passed: 8634/8634 (100.00%)
