commit: baa48a41

formatter_test262 Summary:
AST Parsed     : 44517/44517 (100.00%)
Positive Passed: 44514/44517 (99.99%)
Expect to Parse: tasks/coverage/test262/test/built-ins/Function/prototype/toString/line-terminator-normalisation-CR-LF.js

Expect to Parse: tasks/coverage/test262/test/built-ins/Function/prototype/toString/line-terminator-normalisation-CR.js

Expect to Parse: tasks/coverage/test262/test/built-ins/Function/prototype/toString/line-terminator-normalisation-LF.js

