formatter_misc Summary:
AST Parsed     : 48/48 (100.00%)
Positive Passed: 45/48 (93.75%)
Expect to Parse: tasks/coverage/misc/pass/oxc-12612.ts

Expect to Parse: tasks/coverage/misc/pass/oxc-2592.ts

Expect to Parse: tasks/coverage/misc/pass/oxc-4449.ts

